// Vitest Snapshot v1

exports[`printValue > deindents code 1`] = `
"function () {
  return x;
}"
`;

exports[`printValue > removes trailing , for TsCallSignatureDeclaration 1`] = `"(): number"`;

exports[`printValue > removes trailing , for TsConstructSignatureDeclaration 1`] = `"new (x:number)"`;

exports[`printValue > removes trailing , for TsIndexSignature 1`] = `"[x:string]: number"`;

exports[`printValue > removes trailing , for TsMethodSignature 1`] = `"x(): number"`;

exports[`printValue > removes trailing , for TsPropertySignature 1`] = `"x: number"`;

exports[`printValue > removes trailing ; for TsCallSignatureDeclaration 1`] = `"(): number"`;

exports[`printValue > removes trailing ; for TsConstructSignatureDeclaration 1`] = `"new (x:number)"`;

exports[`printValue > removes trailing ; for TsIndexSignature 1`] = `"[x:string]: number"`;

exports[`printValue > removes trailing ; for TsMethodSignature 1`] = `"x(): number"`;

exports[`printValue > removes trailing ; for TsPropertySignature 1`] = `"x: number"`;
