// Vitest Snapshot v1

exports[`resolveObjectPatternPropertyToValue > AssignmentExpression > resolved basic case 1`] = `
Node {
  "extra": {
    "raw": "\\"string\\"",
    "rawValue": "string",
  },
  "type": "StringLiteral",
  "value": "string",
}
`;

exports[`resolveObjectPatternPropertyToValue > VariableDeclarator > resolved basic case 1`] = `
Node {
  "extra": {
    "raw": "\\"string\\"",
    "rawValue": "string",
  },
  "type": "StringLiteral",
  "value": "string",
}
`;
