// Vitest Snapshot v1

exports[`resolveFunctionDefinitionToReturnValue > can resolve easy return statement 1`] = `
Node {
  "extra": {
    "raw": "\\"result\\"",
    "rawValue": "result",
  },
  "type": "StringLiteral",
  "value": "result",
}
`;

exports[`resolveFunctionDefinitionToReturnValue > stops after first return 1`] = `
Node {
  "extra": {
    "raw": "\\"first\\"",
    "rawValue": "first",
  },
  "type": "StringLiteral",
  "value": "first",
}
`;
