exports[`main fixtures processes component "component_1.js" without errors 1`] = `
Object {
  "description": "The is a component to test the document generation",
  "displayName": "Component",
  "methods": Array [],
}
`;

exports[`main fixtures processes component "component_2.js" without errors 1`] = `
Object {
  "description": "",
  "displayName": "button",
  "methods": Array [
    Object {
      "docblock": null,
      "modifiers": Array [
        "static",
      ],
      "name": "displayName",
      "params": Array [],
      "returns": null,
    },
    Object {
      "docblock": null,
      "modifiers": Array [
        "static",
      ],
      "name": "defaultProps",
      "params": Array [],
      "returns": null,
    },
  ],
  "props": Object {
    "type": Object {
      "defaultValue": Object {
        "computed": false,
        "value": "\"primary\"",
      },
    },
  },
}
`;

exports[`main fixtures processes component "component_3.js" without errors 1`] = `
Object {
  "description": "",
  "methods": Array [],
  "props": Object {
    "style": Object {
      "description": "",
      "required": false,
      "type": Object {
        "name": "object",
      },
    },
  },
}
`;

exports[`main fixtures processes component "component_4.js" without errors 1`] = `
Object {
  "description": "",
  "methods": Array [],
  "props": Object {
    "child": Object {
      "description": "",
      "required": true,
      "type": Object {
        "computed": true,
        "name": "shape",
        "value": "Child.propTypes",
      },
    },
    "extendedChild": Object {
      "description": "",
      "required": true,
      "type": Object {
        "name": "shape",
        "value": Object {
          "adopted": Object {
            "name": "bool",
            "required": true,
          },
        },
      },
    },
    "something": Object {
      "description": "",
      "required": true,
      "type": Object {
        "name": "string",
      },
    },
  },
}
`;

exports[`main fixtures processes component "component_5.js" without errors 1`] = `
Object {
  "description": "",
  "methods": Array [],
  "props": Object {
    "children": Object {
      "description": "",
      "required": true,
      "type": Object {
        "name": "string",
      },
    },
    "onClick": Object {
      "description": "",
      "required": false,
      "type": Object {
        "name": "func",
      },
    },
    "style": Object {
      "defaultValue": Object {
        "computed": false,
        "value": "{}",
      },
      "description": "",
      "required": false,
      "type": Object {
        "name": "object",
      },
    },
  },
}
`;

exports[`main fixtures processes component "component_6.js" without errors 1`] = `
Object {
  "description": "",
  "methods": Array [],
  "props": Object {
    "children": Object {
      "description": "",
      "required": true,
      "type": Object {
        "name": "string",
      },
    },
    "onClick": Object {
      "description": "",
      "required": false,
      "type": Object {
        "name": "func",
      },
    },
    "style": Object {
      "defaultValue": Object {
        "computed": false,
        "value": "{}",
      },
      "description": "",
      "required": false,
      "type": Object {
        "name": "object",
      },
    },
  },
}
`;

exports[`main fixtures processes component "component_7.js" without errors 1`] = `
Object {
  "description": "The is a component to test the document generation",
  "displayName": "Component",
  "methods": Array [],
}
`;

exports[`main fixtures processes component "component_8.js" without errors 1`] = `
Object {
  "description": "",
  "methods": Array [
    Object {
      "docblock": null,
      "modifiers": Array [],
      "name": "onChangeSlider",
      "params": Array [
        Object {
          "name": "[min, max]",
          "optional": undefined,
          "type": null,
        },
      ],
      "returns": null,
    },
  ],
}
`;
