// Jest Snapshot v1, https://goo.gl/fbAQLP

exports[`getMembers finds all "members" "inside" a MemberExpression 1`] = `
Array [
  Object {
    "argumentsPath": Node {
      "arguments": Array [
        Node {
          "end": 12,
          "loc": SourceLocation {
            "end": Position {
              "column": 12,
              "index": undefined,
              "line": 1,
            },
            "filename": undefined,
            "identifierName": undefined,
            "start": Position {
              "column": 9,
              "index": undefined,
              "line": 1,
            },
          },
          "raw": "123",
          "start": 9,
          "type": "Literal",
          "value": 123,
        },
      ],
      "callee": Node {
        "computed": false,
        "end": 8,
        "loc": SourceLocation {
          "end": Position {
            "column": 8,
            "index": undefined,
            "line": 1,
          },
          "filename": undefined,
          "identifierName": undefined,
          "start": Position {
            "column": 1,
            "index": undefined,
            "line": 1,
          },
        },
        "object": Node {
          "end": 4,
          "loc": SourceLocation {
            "end": Position {
              "column": 4,
              "index": undefined,
              "line": 1,
            },
            "filename": undefined,
            "identifierName": "foo",
            "start": Position {
              "column": 1,
              "index": undefined,
              "line": 1,
            },
          },
          "name": "foo",
          "start": 1,
          "type": "Identifier",
        },
        "optional": false,
        "property": Node {
          "end": 8,
          "loc": SourceLocation {
            "end": Position {
              "column": 8,
              "index": undefined,
              "line": 1,
            },
            "filename": undefined,
            "identifierName": "bar",
            "start": Position {
              "column": 5,
              "index": undefined,
              "line": 1,
            },
          },
          "name": "bar",
          "start": 5,
          "type": "Identifier",
        },
        "start": 1,
        "type": "MemberExpression",
      },
      "end": 13,
      "loc": SourceLocation {
        "end": Position {
          "column": 13,
          "index": undefined,
          "line": 1,
        },
        "filename": undefined,
        "identifierName": undefined,
        "start": Position {
          "column": 1,
          "index": undefined,
          "line": 1,
        },
      },
      "optional": false,
      "start": 1,
      "type": "CallExpression",
    },
    "computed": false,
    "path": Node {
      "end": 8,
      "loc": SourceLocation {
        "end": Position {
          "column": 8,
          "index": undefined,
          "line": 1,
        },
        "filename": undefined,
        "identifierName": "bar",
        "start": Position {
          "column": 5,
          "index": undefined,
          "line": 1,
        },
      },
      "name": "bar",
      "start": 5,
      "type": "Identifier",
    },
  },
  Object {
    "argumentsPath": null,
    "computed": true,
    "path": Node {
      "end": 22,
      "loc": SourceLocation {
        "end": Position {
          "column": 22,
          "index": undefined,
          "line": 1,
        },
        "filename": undefined,
        "identifierName": "baz",
        "start": Position {
          "column": 19,
          "index": undefined,
          "line": 1,
        },
      },
      "name": "baz",
      "start": 19,
      "type": "Identifier",
    },
  },
  Object {
    "argumentsPath": null,
    "computed": true,
    "path": Node {
      "end": 26,
      "loc": SourceLocation {
        "end": Position {
          "column": 26,
          "index": undefined,
          "line": 1,
        },
        "filename": undefined,
        "identifierName": undefined,
        "start": Position {
          "column": 24,
          "index": undefined,
          "line": 1,
        },
      },
      "raw": "42",
      "start": 24,
      "type": "Literal",
      "value": 42,
    },
  },
]
`;
