// Jest Snapshot v1, https://goo.gl/fbAQLP

exports[`printValue deindents code 1`] = `
"function () {
  return x;
}"
`;
